INFO:ltx_pipelines.utils.constants:Checkpoint declares model_version=2.5.0 (parsed as (2, 5, 0))
INFO:ltx_pipelines.utils.constants:Checkpoint declares model_version=2.5.0 (parsed as (2, 5, 0))
INFO:ltx_pipelines.utils.blocks:Building text encoder from /home/lm/work/models/ltx-2.5/text_encoders/gemma4-12b-with-proj-ltx-2.5-bf16.safetensors
INFO:ltx_pipelines.utils.blocks:Text encoder done, building embeddings processor from ('/home/lm/work/models/ltx-2.5/diffusion_models/ltx-2.5-22b-distilled-transformer-bf16.safetensors', '/home/lm/work/models/ltx-2.5/text_encoders/gemma4-12b-with-proj-ltx-2.5-bf16.safetensors')
/home/lm/work/paul/ltx-2-xpu/packages/ltx-core/src/ltx_core/model/transformer/attention.py:98: UserWarning: SDPA Memory Efficient Attention backend is not supported on XPU, falling back to math backend. (Triggered internally at /__w/pytorch/pytorch/aten/src/ATen/native/mkldnn/xpu/Attention.cpp:226.)
  out = torch.nn.functional.scaled_dot_product_attention(
INFO:ltx_pipelines.utils.blocks:Prompt encoding complete
INFO:ltx_pipelines.utils.blocks:Building transformer (standard) from /home/lm/work/models/ltx-2.5/diffusion_models/ltx-2.5-22b-distilled-transformer-bf16.safetensors
INFO:ltx_core.model.transformer.model:Building transformer with attention backends -- self: SDPA[FLASH_ATTENTION>EFFICIENT_ATTENTION>MATH], masked: SDPA[FLASH_ATTENTION>EFFICIENT_ATTENTION>MATH]
INFO:ltx_pipelines.utils.blocks:Running denoising loop (8 steps, 768x512 9 frames @ 24.0 fps)
  0%|          | 0/8 [00:00<?, ?it/s] 12%|█▎        | 1/8 [00:01<00:11,  1.71s/it] 25%|██▌       | 2/8 [00:02<00:08,  1.46s/it] 38%|███▊      | 3/8 [00:04<00:06,  1.39s/it] 50%|█████     | 4/8 [00:05<00:05,  1.35s/it] 62%|██████▎   | 5/8 [00:06<00:03,  1.33s/it] 75%|███████▌  | 6/8 [00:08<00:02,  1.31s/it] 88%|████████▊ | 7/8 [00:09<00:01,  1.31s/it] 88%|████████▊ | 7/8 [00:10<00:01,  1.55s/it]
INFO:ltx_pipelines.utils.blocks:Building video encoder + spatial upsampler from /home/lm/work/models/ltx-2.5/latent_upscale_models/ltx-2.5-latent-spatial-upscaler-x2-bf16-1.0.safetensors
INFO:ltx_pipelines.utils.blocks:Building transformer (standard) from /home/lm/work/models/ltx-2.5/diffusion_models/ltx-2.5-22b-distilled-transformer-bf16.safetensors
INFO:ltx_pipelines.utils.blocks:Running denoising loop (3 steps, 1536x1024 9 frames @ 24.0 fps)
  0%|          | 0/3 [00:00<?, ?it/s] 33%|███▎      | 1/3 [00:03<00:06,  3.43s/it] 67%|██████▋   | 2/3 [00:06<00:03,  3.39s/it]100%|██████████| 3/3 [00:10<00:00,  3.37s/it]100%|██████████| 3/3 [00:10<00:00,  3.38s/it]
INFO:ltx_pipelines.utils.blocks:Building video decoder from /home/lm/work/models/ltx-2.5/vae/ltx-2.5-video-vae-bf16.safetensors
WARNING:ltx_core.model.video_vae.transformer.fallback_na:================================================================================
DiffVAE: natten is NOT installed. Falling back to a slower neighborhood-attention
backend (Triton if available, else pure-PyTorch tiled SDPA). This path is for
compatibility only — install natten for production DiffVAE decode:
  uv sync --package ltx-core --extra natten
================================================================================
WARNING:ltx_core.model.video_vae.transformer.fallback_na:DiffVAE NA fallback: using eager tiled SDPA na3d.
INFO:ltx_pipelines.utils.blocks:Building audio decoder + vocoder from /home/lm/work/models/ltx-2.5/vae/ltx-2.5-audio-vae-bf16.safetensors
/home/lm/work/paul/ltx-2-xpu/packages/ltx-core/src/ltx_core/model/audio_vae/vocoder.py:608: UserWarning: In XPU autocast, but the target dtype is not supported. Disabling autocast.
XPU Autocast only supports dtypes of torch.bfloat16, torch.float16 currently.
  else torch.autocast(device_type=device_type, dtype=torch.float32)
  0%|          | 0/1 [00:00<?, ?it/s]100%|██████████| 1/1 [00:00<00:00,  1.47it/s]
INFO:ltx_pipelines.utils.media_io.encode:Video saved to /home/lm/work/paul/ltx-2-xpu/build/bench/blockwise.mp4
